// Jest Snapshot v1, https://goo.gl/fbAQLP

exports[`matches snapshot 1`] = `
<div
  data-testid="todo-1"
  style={
    Object {
      "display": "flex",
      "justifyContent": "space-between",
      "padding": "1rem 5rem",
    }
  }
>
  <div>
    <span
      data-id={1}
    >
      wash dishes
    </span>
  </div>
  <button>
    X
  </button>
</div>
`;
